// Jest Snapshot v1, https://goo.gl/fbAQLP

exports[`PaymentHistoryPage Registration ID is Null should match snapshot when registration ID is null 1`] = `
<app-csaa-payment-history
  __history$__selector={[Function Observable]}
  __ngContext__={[Function LRootView]}
  activatedRoute={[Function Object]}
  currentTheme=""
  loading="false"
  policy$={[Function Observable]}
  policyNumber={[Function String]}
  routerService={[Function RouterService]}
  store={[Function Store]}
>
  <ion-header
    class="csaa"
  >
    <ion-toolbar>
      <ion-buttons
        slot="start"
      >
        <csaa-back-button>
          <ion-button>
            <ion-icon
              name="chevron-back-outline"
              slot="start"
            />
             Back
          </ion-button>
        </csaa-back-button>
      </ion-buttons>
      <ion-buttons
        slot="end"
      >
        <ion-button>
          Call Service
        </ion-button>
      </ion-buttons>
    </ion-toolbar>
    <ion-toolbar>
      <ion-title>
        Payment History
      </ion-title>
    </ion-toolbar>
  </ion-header><ion-content
    class="csaa"
  >
    <ion-refresher
      slot="fixed"
    >
      <ion-refresher-content />
    </ion-refresher>
    <csaa-payment-history-card
      headerline="none"
    >
      <ion-card
        class="csaa-card"
      >
        <ion-card-content
          class="csaa-item-list"
        >
          <ion-list>
          </ion-list>
        </ion-card-content>
      </ion-card>
    </csaa-payment-history-card>
  </ion-content><csaa-working-hours
    class="csaa"
    servicetype="CUSTOMER"
  >
    <div
      class="csaa-working-hours hidden"
    >
      <ion-card
        class="card card-md"
      >
        <ion-card-header>
          Service Hours
        </ion-card-header>
        <ion-card-content
          class="card-content card-content-md"
        >
          <ion-list>
            <ion-item>
            </ion-item>
          </ion-list>
          <ion-button
            expand="full"
          >
             Call Service 
          </ion-button>
        </ion-card-content>
      </ion-card>
    </div>
  </csaa-working-hours>
</app-csaa-payment-history>
`;
